{
  "version": "1.4.0",
  "results": {
    "setup.cfg": [
      {
        "type": "Email Address",
        "filename": "setup.cfg",
        "hashed_secret": "3d5f1cb1412e27257b118b0fbf9dcccf390be6cb",
        "is_verified": false,
        "line_number": 31
      }
    ]
  },
  "generated_at": "2024-03-14T20:03:34Z"
}
